Page Loaded. Starting Tests
ERROR|WCAG2A.Principle2.Guideline2_4.2_4_2.H25.1.NoTitleEl|A title should be provided for the document, using a non-empty title element in the head section.
ERROR|WCAG2A.Principle3.Guideline3_1.3_1_1.H57.2|The html element should have a lang or xml:lang attribute which describes the language of the document.
